| RAM[0] | RAM[1] | RAM[2] | RAM[3] | RAM[4] | RAM[5] | RAM[6] |
|    541 |    541 |    536 |   4000 |   5000 |     -1 |     -1 |
