|RAM[3000]|RAM[3001]|RAM[3002]|RAM[3003]|RAM[3004]|RAM[3005]|
|     16  |      1  |      0  |      0  |      0  |      0  |
