|  RAM[0]  | RAM[256] | RAM[257] | RAM[258] | RAM[259] | RAM[260] |
|     370  |      51  |     261  |     256  |    3030  |    3004  |
